{"type":"server-started","port":58921,"host":"127.0.0.1","url_host":"localhost","url":"http://localhost:58921","screen_dir":"/Users/uclab/Desktop/csvslv/.superpowers/brainstorm/9429-1780517076/content","state_dir":"/Users/uclab/Desktop/csvslv/.superpowers/brainstorm/9429-1780517076/state"}
{"type":"screen-added","file":"/Users/uclab/Desktop/csvslv/.superpowers/brainstorm/9429-1780517076/content/current-layout.html"}
{"type":"screen-added","file":"/Users/uclab/Desktop/csvslv/.superpowers/brainstorm/9429-1780517076/content/corrected-layout.html"}
{"type":"screen-added","file":"/Users/uclab/Desktop/csvslv/.superpowers/brainstorm/9429-1780517076/content/corrected-layout-v2.html"}
{"type":"screen-added","file":"/Users/uclab/Desktop/csvslv/.superpowers/brainstorm/9429-1780517076/content/layout-v3.html"}
{"type":"screen-added","file":"/Users/uclab/Desktop/csvslv/.superpowers/brainstorm/9429-1780517076/content/layout-current.html"}
{"type":"screen-added","file":"/Users/uclab/Desktop/csvslv/.superpowers/brainstorm/9429-1780517076/content/aspect-compare.html"}
{"source":"user-event","type":"click","text":"Proposed — 5:4 / 4:5\n    \n      \n      \n        \n          \n          \n          \n          \n          \n          \n          \n          \n          \n          \n          \n          \n        \n        \n        intro\n        \n        \n        1\n        \n        \n        2\n        \n        \n        3\n        \n        \n        4\n        \n        \n        5\n        \n        \n        6","choice":"proposed","id":null,"timestamp":1780518732326}
{"source":"user-event","type":"click","text":"Proposed — 5:4 / 4:5\n    \n      \n      \n        \n          \n          \n          \n          \n          \n          \n          \n          \n          \n          \n          \n          \n        \n        \n        intro\n        \n        \n        1\n        \n        \n        2\n        \n        \n        3\n        \n        \n        4\n        \n        \n        5\n        \n        \n        6","choice":"proposed","id":null,"timestamp":1780518735432}
{"source":"user-event","type":"click","text":"Proposed — 5:4 / 4:5\n    \n      \n      \n        \n          \n          \n          \n          \n          \n          \n          \n          \n          \n          \n          \n          \n        \n        \n        intro\n        \n        \n        1\n        \n        \n        2\n        \n        \n        3\n        \n        \n        4\n        \n        \n        5\n        \n        \n        6","choice":"proposed","id":null,"timestamp":1780518735646}
{"source":"user-event","type":"click","text":"Proposed — 5:4 / 4:5\n    \n      \n      \n        \n          \n          \n          \n          \n          \n          \n          \n          \n          \n          \n          \n          \n        \n        \n        intro\n        \n        \n        1\n        \n        \n        2\n        \n        \n        3\n        \n        \n        4\n        \n        \n        5\n        \n        \n        6","choice":"proposed","id":null,"timestamp":1780518740062}
{"source":"user-event","type":"click","text":"Proposed — 5:4 / 4:5\n    \n      \n      \n        \n          \n          \n          \n          \n          \n          \n          \n          \n          \n          \n          \n          \n        \n        \n        intro\n        \n        \n        1\n        \n        \n        2\n        \n        \n        3\n        \n        \n        4\n        \n        \n        5\n        \n        \n        6","choice":"proposed","id":null,"timestamp":1780518740241}
{"source":"user-event","type":"click","text":"Proposed — 5:4 / 4:5\n    \n      \n      \n        \n          \n          \n          \n          \n          \n          \n          \n          \n          \n          \n          \n          \n        \n        \n        intro\n        \n        \n        1\n        \n        \n        2\n        \n        \n        3\n        \n        \n        4\n        \n        \n        5\n        \n        \n        6","choice":"proposed","id":null,"timestamp":1780518740420}
{"source":"user-event","type":"click","text":"Proposed — 5:4 / 4:5\n    \n      \n      \n        \n          \n          \n          \n          \n          \n          \n          \n          \n          \n          \n          \n          \n        \n        \n        intro\n        \n        \n        1\n        \n        \n        2\n        \n        \n        3\n        \n        \n        4\n        \n        \n        5\n        \n        \n        6","choice":"proposed","id":null,"timestamp":1780518741075}
{"type":"screen-added","file":"/Users/uclab/Desktop/csvslv/.superpowers/brainstorm/9429-1780517076/content/row-options.html"}
{"source":"user-event","type":"click","text":"C\n    \n      Only top group up 1\n      \n        \n          \n          \n        \n        \n        intro\n        1\n        2\n        3\n        4\n        5\n        6\n      \n      rows: 1+6 stay at 7, only 2→4, 4→3, 5→3","choice":"c","id":null,"timestamp":1780518908717}
{"source":"user-event","type":"click","text":"A\n    \n      Up 1 row\n      \n        \n          \n          \n        \n        \n        intro\n        1\n        2\n        3\n        4\n        5\n        6\n      \n      rows: 1→6, 2→4, 4→3, 5→3, 6→6","choice":"a","id":null,"timestamp":1780518928090}
{"type":"screen-added","file":"/Users/uclab/Desktop/csvslv/.superpowers/brainstorm/9429-1780517076/content/item1-row.html"}
{"source":"user-event","type":"click","text":"B\n    \n      Row 5 — up two\n      \n        \n          \n          \n        \n        \n        intro\n        1\n        2\n        3\n        4\n        5\n        6","choice":"row5","id":null,"timestamp":1780519041560}
{"type":"screen-added","file":"/Users/uclab/Desktop/csvslv/.superpowers/brainstorm/9429-1780517076/content/focus-2346.html"}
{"type":"screen-added","file":"/Users/uclab/Desktop/csvslv/.superpowers/brainstorm/9429-1780517076/content/rebalance-2346.html"}
{"source":"user-event","type":"click","text":"B\n    \n      6 → row 5, 3 → row 7\n      3 comes off the bottom pin and sits at a fixed row. More breathing room.\n      \n        \n        \n        intro\n        1\n        2\n        \n        3\n        4\n        5\n        \n        6","choice":"b","id":null,"timestamp":1780519203393}
{"type":"server-stopped","reason":"owner process exited"}
